// Jest Snapshot v1, https://goo.gl/fbAQLP

exports[`<HomeScreen /> should render the component correctly 1`] = `
.c0 {
  font-family: sans-serif;
}

<div>
  <main>
    <h1
      class="c0"
    >
      Home
    </h1>
    <p
      class="c0"
    >
      Importando modulo local: @felipemarinho/utils/math/sum sum(2,2) = 4
    </p>
    <p>
      Já demos diversas dicas envolvendo o aplicativo Calculadora (Calculator) do macOS aqui no MacMagazine. Na prática, elas acabam facilitando — e muito — a vida de quem faz muitos cálculos durante o dia. Na dica de hoje, mostraremos como você pode escolher quantas casas decimais serão exibidas nos resultados dos cálculos.
    </p>
  </main>
</div>
`;
